                            ASSEMBLERLISTING

                      FILE: DEMO.txt
===============================================================================
 
VL        000001001
                                                        ;Dieses Programm schreibt die Buchstaben A bis F auf den Schirm.
-------------------------------------------------------------------------------
PR B011000000000111   000             LDA     ACODE     ;ASCII-Code für „A“ laden
PA B011110000000000   001   LOOP      WRA               ;Zeichen auf Schirm ausgeben
PR B010100000001000   002             CMP     ECODE     ;mit Endcode vergleichen
PR B000100000000110   003             JEQ     ENDE      ;wenn Endcode, dann Sprung zu ENDE
PR B100000000001001   004             ADD     EINS      ;Zeichencode um 1 erhöhen
PR B001110000000001   005             JMP     LOOP      ;Sprung zurück, alles wiederholen
PA B010110000000000   006   ENDE      HLT               ;fertig
PA D000000001000001   007   ACODE     DEC     65        ;ASCII-Code für „A“
PA D000000001000110   008   ECODE     HEX     46        ;ASCII-Code für „F“
PA D000000000000001   009   EINS      DEC     1         ;dezimale Eins zum inkrementieren
===============================================================================
